<html>
<body>
<pre>
<h1>µVision Build Log</h1>
<h2>Tool Versions:</h2>
IDE-Version: µVision V5.42.0.0
Copyright (C) 2025 ARM Ltd and ARM Germany GmbH. All rights reserved.
License Information: Nam Nguyen, VT, LIC=LSNXV-PV3BI-CXVU6-DGQPJ-CALNY-V7DV9
 
Tool Versions:
Toolchain:       MDK-ARM Plus  Version: 5.42.0.0
Toolchain Path:  D:\KeilC\arm\ARM\ARMCLANG\Bin
C Compiler:      ArmClang.exe V6.23
Assembler:       Armasm.exe V6.23
Linker/Locator:  ArmLink.exe V6.23
Library Manager: ArmAr.exe V6.23
Hex Converter:   FromElf.exe V6.23
CPU DLL:         SARMCM3.DLL V5.42.0.0
Dialog DLL:      DCM.DLL V1.17.5.0
Target DLL:      STLink\ST-LINKIII-KEIL_SWO.dll V3.3.0.0
Dialog DLL:      TCM.DLL V1.56.6.0
 
<h2>Project:</h2>
D:\Project_TKHTN\TKHTN\MDK-ARM\TKHTN.uvprojx
Project File Date:  01/29/2026

<h2>Output:</h2>
*** Using Compiler 'V6.23', folder: 'D:\KeilC\arm\ARM\ARMCLANG\Bin'
Rebuild target 'TKHTN'
assembling startup_stm32f103xb.s...
compiling LCD.c...
compiling stm32f1xx_hal.c...
compiling stm32f1xx_hal_timebase_tim.c...
compiling freertos.c...
compiling stm32f1xx_hal_gpio_ex.c...
compiling stm32f1xx_it.c...
compiling stm32f1xx_hal_msp.c...
compiling main.c...
compiling stm32f1xx_hal_adc_ex.c...
compiling stm32f1xx_hal_adc.c...
compiling stm32f1xx_hal_rcc.c...
compiling stm32f1xx_hal_rcc_ex.c...
compiling stm32f1xx_hal_gpio.c...
compiling stm32f1xx_hal_pwr.c...
compiling stm32f1xx_hal_cortex.c...
compiling stm32f1xx_hal_dma.c...
compiling stm32f1xx_hal_flash.c...
compiling stm32f1xx_hal_flash_ex.c...
compiling stm32f1xx_hal_exti.c...
compiling system_stm32f1xx.c...
compiling croutine.c...
compiling port.c...
compiling list.c...
compiling stm32f1xx_hal_tim_ex.c...
compiling event_groups.c...
compiling stream_buffer.c...
compiling stm32f1xx_hal_uart.c...
compiling queue.c...
compiling timers.c...
compiling heap_4.c...
compiling Soil_Moisture.c...
compiling STH31.c...
compiling stm32f1xx_hal_tim.c...
compiling tasks.c...
compiling cmsis_os2.c...
compiling stm32f1xx_hal_i2c.c...
linking...
Program Size: Code=27394 RO-data=738 RW-data=36 ZI-data=7996  
FromELF: creating hex file...
"TKHTN\TKHTN.axf" - 0 Error(s), 0 Warning(s).

<h2>Software Packages used:</h2>

Package Vendor: ARM
                https://www.keil.com/pack/ARM.CMSIS.6.1.0.pack
                ARM::CMSIS@6.1.0
                CMSIS (Common Microcontroller Software Interface Standard)
   * Component: CORE Version: 6.1.0

Package Vendor: Keil
                https://www.keil.com/pack/Keil.STM32F1xx_DFP.2.4.1.pack
                Keil::STM32F1xx_DFP@2.4.1
                STMicroelectronics STM32F1 Series Device Support, Drivers and Examples

<h2>Collection of Component include folders:</h2>
  ./RTE/_TKHTN
  D:/KeilC/arm/pack/ARM/CMSIS/6.1.0/CMSIS/Core/Include
  D:/KeilC/arm/pack/Keil/STM32F1xx_DFP/2.4.1/Device/Include

<h2>Collection of Component Files used:</h2>

   * Component: ARM::CMSIS:CORE@6.1.0
Build Time Elapsed:  00:00:02
</pre>
</body>
</html>
